> Task :app:preBuild UP-TO-DATE
> Task :app:preDebugBuild UP-TO-DATE
> Task :app:generateDebugResources UP-TO-DATE
> Task :app:processDebugGoogleServices UP-TO-DATE
> Task :app:packageDebugResources UP-TO-DATE
> Task :app:processDebugNavigationResources UP-TO-DATE
> Task :app:parseDebugLocalResources UP-TO-DATE
> Task :app:generateDebugRFile UP-TO-DATE

> Task :app:compileDebugKotlin FAILED
./gradlew : e: file:///D:/OneDrive/Deskto
p/NetPay/app/src/main/java/com/example/ne
tpay/MainActivity.kt:74:30 Unresolved 
reference 'DeepBlack'.
At line:1 char:1
+ ./gradlew app:compileDebugKotlin > 
build_errors.txt 2>&1
+ ~~~~~~~~~~~~~~~~~~~~~~~~~~~~~~~~~~~~~~~
~~~~~~~~~~~~~~~~~
    + CategoryInfo          : NotSpecifi 
   ed: (e: file:///D:/O...ce 'DeepBlack  
  '.:String) [], RemoteException
    + FullyQualifiedErrorId : NativeComm 
   andError
 
e: file:///D:/OneDrive/Desktop/NetPay/app
/src/main/java/com/example/netpay/MainAct
ivity.kt:78:42 Unresolved reference 
'SoftBlack'.
e: file:///D:/OneDrive/Desktop/NetPay/app
/src/main/java/com/example/netpay/MainAct
ivity.kt:79:44 Unresolved reference 'dp'.
e: file:///D:/OneDrive/Desktop/NetPay/app
/src/main/java/com/example/netpay/MainAct
ivity.kt:84:88 Unresolved reference 
'Home'.
e: file:///D:/OneDrive/Desktop/NetPay/app
/src/main/java/com/example/netpay/MainAct
ivity.kt:85:66 Unresolved reference 'sp'.
e: file:///D:/OneDrive/Desktop/NetPay/app
/src/main/java/com/example/netpay/MainAct
ivity.kt:87:53 Unresolved reference 
'MintGreen'.
e: file:///D:/OneDrive/Desktop/NetPay/app
/src/main/java/com/example/netpay/MainAct
ivity.kt:88:55 Unresolved reference 
'MutedWhite'.
e: file:///D:/OneDrive/Desktop/NetPay/app
/src/main/java/com/example/netpay/MainAct
ivity.kt:95:88 Unresolved reference 
'AddCircle'.
e: file:///D:/OneDrive/Desktop/NetPay/app
/src/main/java/com/example/netpay/MainAct
ivity.kt:96:65 Unresolved reference 'sp'.
e: file:///D:/OneDrive/Desktop/NetPay/app
/src/main/java/com/example/netpay/MainAct
ivity.kt:98:53 Unresolved reference 
'MintGreen'.
e: file:///D:/OneDrive/Desktop/NetPay/app
/src/main/java/com/example/netpay/MainAct
ivity.kt:99:55 Unresolved reference 
'MutedWhite'.
e: file:///D:/OneDrive/Desktop/NetPay/app
/src/main/java/com/example/netpay/MainAct
ivity.kt:106:88 Unresolved reference 
'BarChart'.
e: file:///D:/OneDrive/Desktop/NetPay/app
/src/main/java/com/example/netpay/MainAct
ivity.kt:107:70 Unresolved reference 
'sp'.
e: file:///D:/OneDrive/Desktop/NetPay/app
/src/main/java/com/example/netpay/MainAct
ivity.kt:109:53 Unresolved reference 
'MintGreen'.
e: file:///D:/OneDrive/Desktop/NetPay/app
/src/main/java/com/example/netpay/MainAct
ivity.kt:110:55 Unresolved reference 
'MutedWhite'.
e: file:///D:/OneDrive/Desktop/NetPay/app
/src/main/java/com/example/netpay/MainAct
ivity.kt:117:88 Unresolved reference 
'Settings'.
e: file:///D:/OneDrive/Desktop/NetPay/app
/src/main/java/com/example/netpay/MainAct
ivity.kt:118:70 Unresolved reference 
'sp'.
e: file:///D:/OneDrive/Desktop/NetPay/app
/src/main/java/com/example/netpay/MainAct
ivity.kt:120:53 Unresolved reference 
'MintGreen'.
e: file:///D:/OneDrive/Desktop/NetPay/app
/src/main/java/com/example/netpay/MainAct
ivity.kt:121:55 Unresolved reference 
'MutedWhite'.
e: file:///D:/OneDrive/Desktop/NetPay/app
/src/main/java/com/example/netpay/MainAct
ivity.kt:166:59 Unresolved reference 
'fillMaxSize'.
e: file:///D:/OneDrive/Desktop/NetPay/app
/src/main/java/com/example/netpay/MainAct
ivity.kt:167:70 Unresolved reference 
'PureWhite'.
e: file:///D:/OneDrive/Desktop/NetPay/app
/src/main/java/com/example/netpay/MainAct
ivity.kt:169:60 Unresolved reference 
'fillMaxSize'.
e: file:///D:/OneDrive/Desktop/NetPay/app
/src/main/java/com/example/netpay/MainAct
ivity.kt:170:29 Unresolved reference 
'Column'.
e: file:///D:/OneDrive/Desktop/NetPay/app
/src/main/java/com/example/netpay/MainAct
ivity.kt:171:33 @Composable invocations 
can only happen from the context of a 
@Composable function
e: file:///D:/OneDrive/Desktop/NetPay/app
/src/main/java/com/example/netpay/MainAct
ivity.kt:171:68 Unresolved reference 
'PureWhite'.
e: file:///D:/OneDrive/Desktop/NetPay/app
/src/main/java/com/example/netpay/MainAct
ivity.kt:172:33 Unresolved reference 
'Spacer'.
e: file:///D:/OneDrive/Desktop/NetPay/app
/src/main/java/com/example/netpay/MainAct
ivity.kt:172:49 Unresolved reference 
'height'.
e: file:///D:/OneDrive/Desktop/NetPay/app
/src/main/java/com/example/netpay/MainAct
ivity.kt:172:59 Unresolved reference 
'dp'.
e: file:///D:/OneDrive/Desktop/NetPay/app
/src/main/java/com/example/netpay/MainAct
ivity.kt:173:33 @Composable invocations 
can only happen from the context of a 
@Composable function
e: file:///D:/OneDrive/Desktop/NetPay/app
/src/main/java/com/example/netpay/MainAct
ivity.kt:173:116 @Composable invocations 
can only happen from the context of a 
@Composable function
e: file:///D:/OneDrive/Desktop/NetPay/app
/src/main/java/com/example/netpay/MainAct
ivity.kt:173:146 Unresolved reference 
'NetError'.
e: file:///D:/OneDrive/Desktop/NetPay/app
/src/main/java/com/example/netpay/ui/scre
ens/LoginScreen.kt:44:22 Unresolved 
reference 'clip'.

FAILURE: Build failed with an exception.

* What went wrong:
Execution failed for task 
':app:compileDebugKotlin'.
7 actionable tasks: 1 executed, 6 up-to-date
> A failure occurred while executing org.
jetbrains.kotlin.compilerRunner.GradleCom
pilerRunnerWithWorkers$GradleKotlinCompil
erWorkAction
   > Compilation error. See log for more 
details

* Try:
> Run with --stacktrace option to get 
the stack trace.
> Run with --info or --debug option to 
get more log output.
> Run with --scan to get full insights 
from a Build Scan (powered by 
Develocity).
> Get more help at 
https://help.gradle.org.

BUILD FAILED in 3s
